semantic error: Array index allocation not supported yet
